[2026-08-24 10:18:39] INFO: Server running at http://localhost:4000
[2026-08-24 10:19:03] INFO: POST /api/auth/login - Origin: http://localhost:3000
[2026-08-24 10:19:05] INFO: GET /api/module-access/me - Origin: Unknown
[2026-08-24 10:19:05] INFO: GET /api/teams - Origin: Unknown
[2026-08-24 10:19:05] INFO: GET /api/players - Origin: Unknown
[2026-08-24 10:19:05] INFO: GET /api/server-time - Origin: Unknown
[2026-08-24 10:19:07] INFO: GET /api/matches - Origin: Unknown
[2026-08-24 10:19:09] INFO: GET /api/referees - Origin: Unknown
[2026-08-24 10:19:09] INFO: GET /api/suspensions - Origin: Unknown
[2026-08-24 10:19:09] INFO: GET /api/match-lineups/25c14543-0c13-4845-afd0-ac94a05b7bcf - Origin: Unknown
[2026-08-24 10:19:10] INFO: GET /api/match-events/25c14543-0c13-4845-afd0-ac94a05b7bcf - Origin: Unknown
[2026-08-24 10:19:11] INFO: GET /api/match-events/25c14543-0c13-4845-afd0-ac94a05b7bcf - Origin: Unknown
[2026-08-24 10:19:11] INFO: GET /api/matches/25c14543-0c13-4845-afd0-ac94a05b7bcf - Origin: Unknown
[2026-08-24 10:19:11] INFO: GET /api/categories - Origin: Unknown
[2026-08-24 10:19:11] INFO: GET /api/league-rules - Origin: Unknown
[2026-08-24 10:19:11] INFO: GET /api/referees - Origin: Unknown
[2026-08-24 10:19:11] INFO: GET /api/league-rule-items - Origin: Unknown
[2026-08-24 10:19:11] INFO: GET /api/users - Origin: Unknown
[2026-08-24 10:22:10] INFO: GET /api/module-access/me - Origin: Unknown
[2026-08-24 10:22:10] INFO: GET /api/referees - Origin: Unknown
[2026-08-24 10:22:10] INFO: GET /api/categories - Origin: Unknown
[2026-08-24 10:22:10] INFO: GET /api/league-rule-items - Origin: Unknown
[2026-08-24 10:22:10] INFO: GET /api/league-rules - Origin: Unknown
[2026-08-24 10:22:10] INFO: GET /api/users - Origin: Unknown
[2026-08-24 11:01:47] INFO: GET /api/module-access/me - Origin: Unknown
[2026-08-24 11:01:47] INFO: GET /api/categories - Origin: Unknown
[2026-08-24 11:01:47] INFO: GET /api/league-rules - Origin: Unknown
[2026-08-24 11:01:47] INFO: GET /api/referees - Origin: Unknown
[2026-08-24 11:01:47] INFO: GET /api/league-rule-items - Origin: Unknown
[2026-08-24 11:01:47] INFO: GET /api/users - Origin: Unknown
[2026-08-24 11:15:57] INFO: GET /api/tournaments - Origin: Unknown
[2026-08-24 11:15:57] INFO: GET /api/headquarters - Origin: Unknown
[2026-08-24 11:16:04] INFO: POST /api/auth/login - Origin: http://localhost:3000
[2026-08-24 11:16:05] INFO: GET /api/module-access/me - Origin: Unknown
[2026-08-24 11:16:05] INFO: GET /api/server-time - Origin: Unknown
[2026-08-24 11:16:05] INFO: GET /api/teams - Origin: Unknown
[2026-08-24 11:16:05] INFO: GET /api/players - Origin: Unknown
[2026-08-24 11:16:07] INFO: GET /api/matches - Origin: Unknown
[2026-08-24 11:16:09] INFO: GET /api/match-lineups/25c14543-0c13-4845-afd0-ac94a05b7bcf - Origin: Unknown
[2026-08-24 11:16:09] INFO: GET /api/suspensions - Origin: Unknown
[2026-08-24 11:16:09] INFO: GET /api/referees - Origin: Unknown
[2026-08-24 11:16:10] INFO: GET /api/match-events/25c14543-0c13-4845-afd0-ac94a05b7bcf - Origin: Unknown
[2026-08-24 11:16:11] INFO: GET /api/match-events/25c14543-0c13-4845-afd0-ac94a05b7bcf - Origin: Unknown
[2026-08-24 11:16:11] INFO: GET /api/matches/25c14543-0c13-4845-afd0-ac94a05b7bcf - Origin: Unknown
[2026-08-24 11:16:14] INFO: GET /api/matches/25c14543-0c13-4845-afd0-ac94a05b7bcf - Origin: Unknown
[2026-08-24 11:16:14] INFO: GET /api/match-events/25c14543-0c13-4845-afd0-ac94a05b7bcf - Origin: Unknown
[2026-08-24 11:16:17] INFO: GET /api/matches/25c14543-0c13-4845-afd0-ac94a05b7bcf - Origin: Unknown
[2026-08-24 11:16:17] INFO: GET /api/match-events/25c14543-0c13-4845-afd0-ac94a05b7bcf - Origin: Unknown
[2026-08-24 11:16:20] INFO: GET /api/matches/25c14543-0c13-4845-afd0-ac94a05b7bcf - Origin: Unknown
[2026-08-24 11:16:20] INFO: GET /api/match-events/25c14543-0c13-4845-afd0-ac94a05b7bcf - Origin: Unknown
[2026-08-24 11:16:23] INFO: GET /api/matches/25c14543-0c13-4845-afd0-ac94a05b7bcf - Origin: Unknown
[2026-08-24 11:16:23] INFO: GET /api/match-events/25c14543-0c13-4845-afd0-ac94a05b7bcf - Origin: Unknown
[2026-08-24 11:16:26] INFO: GET /api/matches/25c14543-0c13-4845-afd0-ac94a05b7bcf - Origin: Unknown
[2026-08-24 11:16:26] INFO: GET /api/match-events/25c14543-0c13-4845-afd0-ac94a05b7bcf - Origin: Unknown
[2026-08-24 11:16:29] INFO: GET /api/matches/25c14543-0c13-4845-afd0-ac94a05b7bcf - Origin: Unknown
[2026-08-24 11:16:29] INFO: GET /api/match-events/25c14543-0c13-4845-afd0-ac94a05b7bcf - Origin: Unknown
[2026-08-24 11:16:32] INFO: GET /api/matches/25c14543-0c13-4845-afd0-ac94a05b7bcf - Origin: Unknown
[2026-08-24 11:16:32] INFO: GET /api/match-events/25c14543-0c13-4845-afd0-ac94a05b7bcf - Origin: Unknown
[2026-08-24 11:16:35] INFO: GET /api/matches/25c14543-0c13-4845-afd0-ac94a05b7bcf - Origin: Unknown
[2026-08-24 11:16:35] INFO: GET /api/match-events/25c14543-0c13-4845-afd0-ac94a05b7bcf - Origin: Unknown
[2026-08-24 11:16:38] INFO: GET /api/matches/25c14543-0c13-4845-afd0-ac94a05b7bcf - Origin: Unknown
[2026-08-24 11:16:38] INFO: GET /api/match-events/25c14543-0c13-4845-afd0-ac94a05b7bcf - Origin: Unknown
[2026-08-24 11:16:41] INFO: GET /api/matches/25c14543-0c13-4845-afd0-ac94a05b7bcf - Origin: Unknown
[2026-08-24 11:16:41] INFO: GET /api/match-events/25c14543-0c13-4845-afd0-ac94a05b7bcf - Origin: Unknown
[2026-08-24 11:16:44] INFO: GET /api/matches/25c14543-0c13-4845-afd0-ac94a05b7bcf - Origin: Unknown
[2026-08-24 11:16:44] INFO: GET /api/match-events/25c14543-0c13-4845-afd0-ac94a05b7bcf - Origin: Unknown
[2026-08-24 11:16:47] INFO: GET /api/matches/25c14543-0c13-4845-afd0-ac94a05b7bcf - Origin: Unknown
[2026-08-24 11:16:47] INFO: GET /api/match-events/25c14543-0c13-4845-afd0-ac94a05b7bcf - Origin: Unknown
[2026-08-24 11:16:50] INFO: GET /api/matches/25c14543-0c13-4845-afd0-ac94a05b7bcf - Origin: Unknown
[2026-08-24 11:16:50] INFO: GET /api/match-events/25c14543-0c13-4845-afd0-ac94a05b7bcf - Origin: Unknown
[2026-08-24 11:16:53] INFO: GET /api/matches/25c14543-0c13-4845-afd0-ac94a05b7bcf - Origin: Unknown
[2026-08-24 11:16:53] INFO: GET /api/match-events/25c14543-0c13-4845-afd0-ac94a05b7bcf - Origin: Unknown
[2026-08-24 11:16:56] INFO: GET /api/matches/25c14543-0c13-4845-afd0-ac94a05b7bcf - Origin: Unknown
[2026-08-24 11:16:56] INFO: GET /api/match-events/25c14543-0c13-4845-afd0-ac94a05b7bcf - Origin: Unknown
[2026-08-24 11:16:59] INFO: GET /api/matches/25c14543-0c13-4845-afd0-ac94a05b7bcf - Origin: Unknown
[2026-08-24 11:16:59] INFO: GET /api/match-events/25c14543-0c13-4845-afd0-ac94a05b7bcf - Origin: Unknown
[2026-08-24 11:17:02] INFO: GET /api/matches/25c14543-0c13-4845-afd0-ac94a05b7bcf - Origin: Unknown
[2026-08-24 11:17:02] INFO: GET /api/match-events/25c14543-0c13-4845-afd0-ac94a05b7bcf - Origin: Unknown
[2026-08-24 11:17:05] INFO: GET /api/matches/25c14543-0c13-4845-afd0-ac94a05b7bcf - Origin: Unknown
[2026-08-24 11:17:05] INFO: GET /api/match-events/25c14543-0c13-4845-afd0-ac94a05b7bcf - Origin: Unknown
[2026-08-24 11:17:08] INFO: GET /api/matches/25c14543-0c13-4845-afd0-ac94a05b7bcf - Origin: Unknown
[2026-08-24 11:17:08] INFO: GET /api/match-events/25c14543-0c13-4845-afd0-ac94a05b7bcf - Origin: Unknown
[2026-08-24 11:17:11] INFO: GET /api/matches/25c14543-0c13-4845-afd0-ac94a05b7bcf - Origin: Unknown
[2026-08-24 11:17:11] INFO: GET /api/match-events/25c14543-0c13-4845-afd0-ac94a05b7bcf - Origin: Unknown
[2026-08-24 11:17:14] INFO: GET /api/matches/25c14543-0c13-4845-afd0-ac94a05b7bcf - Origin: Unknown
[2026-08-24 11:17:14] INFO: GET /api/match-events/25c14543-0c13-4845-afd0-ac94a05b7bcf - Origin: Unknown
[2026-08-24 11:17:17] INFO: GET /api/matches/25c14543-0c13-4845-afd0-ac94a05b7bcf - Origin: Unknown
[2026-08-24 11:17:17] INFO: GET /api/match-events/25c14543-0c13-4845-afd0-ac94a05b7bcf - Origin: Unknown
[2026-08-24 11:17:20] INFO: GET /api/matches/25c14543-0c13-4845-afd0-ac94a05b7bcf - Origin: Unknown
[2026-08-24 11:17:20] INFO: GET /api/match-events/25c14543-0c13-4845-afd0-ac94a05b7bcf - Origin: Unknown
[2026-08-24 11:17:23] INFO: GET /api/matches/25c14543-0c13-4845-afd0-ac94a05b7bcf - Origin: Unknown
[2026-08-24 11:17:23] INFO: GET /api/match-events/25c14543-0c13-4845-afd0-ac94a05b7bcf - Origin: Unknown
[2026-08-24 11:17:26] INFO: GET /api/matches/25c14543-0c13-4845-afd0-ac94a05b7bcf - Origin: Unknown
[2026-08-24 11:17:26] INFO: GET /api/match-events/25c14543-0c13-4845-afd0-ac94a05b7bcf - Origin: Unknown
[2026-08-24 11:17:29] INFO: GET /api/matches/25c14543-0c13-4845-afd0-ac94a05b7bcf - Origin: Unknown
[2026-08-24 11:17:29] INFO: GET /api/match-events/25c14543-0c13-4845-afd0-ac94a05b7bcf - Origin: Unknown
[2026-08-24 11:17:32] INFO: GET /api/matches/25c14543-0c13-4845-afd0-ac94a05b7bcf - Origin: Unknown
[2026-08-24 11:17:32] INFO: GET /api/match-events/25c14543-0c13-4845-afd0-ac94a05b7bcf - Origin: Unknown
[2026-08-24 11:17:35] INFO: GET /api/matches/25c14543-0c13-4845-afd0-ac94a05b7bcf - Origin: Unknown
[2026-08-24 11:17:35] INFO: GET /api/match-events/25c14543-0c13-4845-afd0-ac94a05b7bcf - Origin: Unknown
[2026-08-24 11:17:38] INFO: GET /api/matches/25c14543-0c13-4845-afd0-ac94a05b7bcf - Origin: Unknown
[2026-08-24 11:17:38] INFO: GET /api/match-events/25c14543-0c13-4845-afd0-ac94a05b7bcf - Origin: Unknown
[2026-08-24 11:17:41] INFO: GET /api/matches/25c14543-0c13-4845-afd0-ac94a05b7bcf - Origin: Unknown
[2026-08-24 11:17:41] INFO: GET /api/match-events/25c14543-0c13-4845-afd0-ac94a05b7bcf - Origin: Unknown
[2026-08-24 11:17:44] INFO: GET /api/matches/25c14543-0c13-4845-afd0-ac94a05b7bcf - Origin: Unknown
[2026-08-24 11:17:44] INFO: GET /api/match-events/25c14543-0c13-4845-afd0-ac94a05b7bcf - Origin: Unknown
[2026-08-24 11:17:47] INFO: GET /api/matches/25c14543-0c13-4845-afd0-ac94a05b7bcf - Origin: Unknown
[2026-08-24 11:17:47] INFO: GET /api/match-events/25c14543-0c13-4845-afd0-ac94a05b7bcf - Origin: Unknown
[2026-08-24 11:17:59] INFO: GET /api/teams - Origin: Unknown
[2026-08-24 11:17:59] INFO: GET /api/tournaments - Origin: Unknown
[2026-08-24 11:17:59] INFO: GET /api/headquarters - Origin: Unknown
[2026-08-24 11:17:59] INFO: GET /api/players - Origin: Unknown
[2026-08-24 11:18:07] INFO: GET /api/tournaments - Origin: Unknown
[2026-08-24 11:18:07] INFO: GET /api/matches - Origin: Unknown
[2026-08-24 11:18:07] INFO: GET /api/categories - Origin: Unknown
[2026-08-24 11:28:48] INFO: GET /api/tournaments - Origin: Unknown
[2026-08-24 11:28:48] INFO: GET /api/matches - Origin: Unknown
[2026-08-24 11:28:48] INFO: GET /api/categories - Origin: Unknown
[2026-08-24 11:28:49] INFO: GET /api/tournaments - Origin: Unknown
[2026-08-24 11:28:49] INFO: GET /api/stats/standings/628e2b69-ca72-4321-a95a-a7645d2c82ce - Origin: Unknown
[2026-08-24 11:28:51] INFO: GET /api/tournaments - Origin: Unknown
[2026-08-24 11:28:52] INFO: GET /api/stats/standings/628e2b69-ca72-4321-a95a-a7645d2c82ce - Origin: Unknown
[2026-08-24 11:29:02] INFO: POST /api/auth/login - Origin: http://localhost:3000
[2026-08-24 11:29:02] INFO: GET /api/module-access/me - Origin: Unknown
[2026-08-24 11:29:02] INFO: GET /api/server-time - Origin: Unknown
[2026-08-24 11:29:02] INFO: GET /api/matches - Origin: Unknown
[2026-08-24 11:29:04] INFO: GET /api/match-lineups/25c14543-0c13-4845-afd0-ac94a05b7bcf - Origin: Unknown
[2026-08-24 11:29:04] INFO: GET /api/suspensions - Origin: Unknown
[2026-08-24 11:29:04] INFO: GET /api/referees - Origin: Unknown
[2026-08-24 11:29:05] INFO: GET /api/matches/25c14543-0c13-4845-afd0-ac94a05b7bcf - Origin: Unknown
[2026-08-24 11:29:05] INFO: GET /api/match-events/25c14543-0c13-4845-afd0-ac94a05b7bcf - Origin: Unknown
[2026-08-24 11:29:06] INFO: GET /api/match-events/25c14543-0c13-4845-afd0-ac94a05b7bcf - Origin: Unknown
[2026-08-24 11:29:08] INFO: GET /api/matches/25c14543-0c13-4845-afd0-ac94a05b7bcf - Origin: Unknown
[2026-08-24 11:29:08] INFO: GET /api/match-events/25c14543-0c13-4845-afd0-ac94a05b7bcf - Origin: Unknown
[2026-08-24 11:29:11] INFO: GET /api/matches/25c14543-0c13-4845-afd0-ac94a05b7bcf - Origin: Unknown
[2026-08-24 11:29:11] INFO: GET /api/match-events/25c14543-0c13-4845-afd0-ac94a05b7bcf - Origin: Unknown
[2026-08-24 11:29:14] INFO: GET /api/matches/25c14543-0c13-4845-afd0-ac94a05b7bcf - Origin: Unknown
[2026-08-24 11:29:14] INFO: GET /api/match-events/25c14543-0c13-4845-afd0-ac94a05b7bcf - Origin: Unknown
[2026-08-24 11:29:17] INFO: GET /api/matches/25c14543-0c13-4845-afd0-ac94a05b7bcf - Origin: Unknown
[2026-08-24 11:29:17] INFO: GET /api/match-events/25c14543-0c13-4845-afd0-ac94a05b7bcf - Origin: Unknown
[2026-08-24 11:29:20] INFO: GET /api/matches/25c14543-0c13-4845-afd0-ac94a05b7bcf - Origin: Unknown
[2026-08-24 11:29:20] INFO: GET /api/match-events/25c14543-0c13-4845-afd0-ac94a05b7bcf - Origin: Unknown
[2026-08-24 11:29:23] INFO: GET /api/matches/25c14543-0c13-4845-afd0-ac94a05b7bcf - Origin: Unknown
[2026-08-24 11:29:23] INFO: GET /api/match-events/25c14543-0c13-4845-afd0-ac94a05b7bcf - Origin: Unknown
[2026-08-24 11:29:26] INFO: GET /api/matches/25c14543-0c13-4845-afd0-ac94a05b7bcf - Origin: Unknown
[2026-08-24 11:29:26] INFO: GET /api/match-events/25c14543-0c13-4845-afd0-ac94a05b7bcf - Origin: Unknown
[2026-08-24 11:29:29] INFO: GET /api/matches/25c14543-0c13-4845-afd0-ac94a05b7bcf - Origin: Unknown
[2026-08-24 11:29:29] INFO: GET /api/match-events/25c14543-0c13-4845-afd0-ac94a05b7bcf - Origin: Unknown
[2026-08-24 11:29:32] INFO: GET /api/matches/25c14543-0c13-4845-afd0-ac94a05b7bcf - Origin: Unknown
[2026-08-24 11:29:32] INFO: GET /api/match-events/25c14543-0c13-4845-afd0-ac94a05b7bcf - Origin: Unknown
[2026-08-24 11:29:35] INFO: GET /api/matches/25c14543-0c13-4845-afd0-ac94a05b7bcf - Origin: Unknown
[2026-08-24 11:29:35] INFO: GET /api/match-events/25c14543-0c13-4845-afd0-ac94a05b7bcf - Origin: Unknown
[2026-08-24 11:29:38] INFO: GET /api/matches/25c14543-0c13-4845-afd0-ac94a05b7bcf - Origin: Unknown
[2026-08-24 11:29:38] INFO: GET /api/match-events/25c14543-0c13-4845-afd0-ac94a05b7bcf - Origin: Unknown
[2026-08-24 11:29:41] INFO: GET /api/matches/25c14543-0c13-4845-afd0-ac94a05b7bcf - Origin: Unknown
[2026-08-24 11:29:41] INFO: GET /api/match-events/25c14543-0c13-4845-afd0-ac94a05b7bcf - Origin: Unknown
[2026-08-24 11:29:44] INFO: GET /api/matches/25c14543-0c13-4845-afd0-ac94a05b7bcf - Origin: Unknown
[2026-08-24 11:29:44] INFO: GET /api/match-events/25c14543-0c13-4845-afd0-ac94a05b7bcf - Origin: Unknown
[2026-08-24 11:29:47] INFO: GET /api/matches/25c14543-0c13-4845-afd0-ac94a05b7bcf - Origin: Unknown
[2026-08-24 11:29:47] INFO: GET /api/match-events/25c14543-0c13-4845-afd0-ac94a05b7bcf - Origin: Unknown
[2026-08-24 11:29:50] INFO: GET /api/matches/25c14543-0c13-4845-afd0-ac94a05b7bcf - Origin: Unknown
[2026-08-24 11:29:50] INFO: GET /api/match-events/25c14543-0c13-4845-afd0-ac94a05b7bcf - Origin: Unknown
[2026-08-24 11:29:53] INFO: GET /api/matches/25c14543-0c13-4845-afd0-ac94a05b7bcf - Origin: Unknown
[2026-08-24 11:29:53] INFO: GET /api/match-events/25c14543-0c13-4845-afd0-ac94a05b7bcf - Origin: Unknown
[2026-08-24 11:29:56] INFO: GET /api/matches/25c14543-0c13-4845-afd0-ac94a05b7bcf - Origin: Unknown
[2026-08-24 11:29:56] INFO: GET /api/match-events/25c14543-0c13-4845-afd0-ac94a05b7bcf - Origin: Unknown
[2026-08-24 11:29:59] INFO: GET /api/matches/25c14543-0c13-4845-afd0-ac94a05b7bcf - Origin: Unknown
[2026-08-24 11:29:59] INFO: GET /api/match-events/25c14543-0c13-4845-afd0-ac94a05b7bcf - Origin: Unknown
[2026-08-24 11:30:02] INFO: GET /api/matches/25c14543-0c13-4845-afd0-ac94a05b7bcf - Origin: Unknown
[2026-08-24 11:30:02] INFO: GET /api/match-events/25c14543-0c13-4845-afd0-ac94a05b7bcf - Origin: Unknown
[2026-08-24 11:30:05] INFO: GET /api/matches/25c14543-0c13-4845-afd0-ac94a05b7bcf - Origin: Unknown
[2026-08-24 11:30:05] INFO: GET /api/match-events/25c14543-0c13-4845-afd0-ac94a05b7bcf - Origin: Unknown
[2026-08-24 11:30:08] INFO: GET /api/matches/25c14543-0c13-4845-afd0-ac94a05b7bcf - Origin: Unknown
[2026-08-24 11:30:08] INFO: GET /api/match-events/25c14543-0c13-4845-afd0-ac94a05b7bcf - Origin: Unknown
[2026-08-24 11:30:11] INFO: GET /api/matches/25c14543-0c13-4845-afd0-ac94a05b7bcf - Origin: Unknown
[2026-08-24 11:30:11] INFO: GET /api/match-events/25c14543-0c13-4845-afd0-ac94a05b7bcf - Origin: Unknown
[2026-08-24 11:30:14] INFO: GET /api/matches/25c14543-0c13-4845-afd0-ac94a05b7bcf - Origin: Unknown
[2026-08-24 11:30:14] INFO: GET /api/match-events/25c14543-0c13-4845-afd0-ac94a05b7bcf - Origin: Unknown
[2026-08-24 11:30:17] INFO: GET /api/matches/25c14543-0c13-4845-afd0-ac94a05b7bcf - Origin: Unknown
[2026-08-24 11:30:17] INFO: GET /api/match-events/25c14543-0c13-4845-afd0-ac94a05b7bcf - Origin: Unknown
[2026-08-24 11:30:20] INFO: GET /api/matches/25c14543-0c13-4845-afd0-ac94a05b7bcf - Origin: Unknown
[2026-08-24 11:30:20] INFO: GET /api/match-events/25c14543-0c13-4845-afd0-ac94a05b7bcf - Origin: Unknown
[2026-08-24 11:30:23] INFO: GET /api/matches/25c14543-0c13-4845-afd0-ac94a05b7bcf - Origin: Unknown
[2026-08-24 11:30:23] INFO: GET /api/match-events/25c14543-0c13-4845-afd0-ac94a05b7bcf - Origin: Unknown
[2026-08-24 11:30:26] INFO: GET /api/matches/25c14543-0c13-4845-afd0-ac94a05b7bcf - Origin: Unknown
[2026-08-24 11:30:26] INFO: GET /api/match-events/25c14543-0c13-4845-afd0-ac94a05b7bcf - Origin: Unknown
[2026-08-24 11:30:29] INFO: GET /api/matches/25c14543-0c13-4845-afd0-ac94a05b7bcf - Origin: Unknown
[2026-08-24 11:30:29] INFO: GET /api/match-events/25c14543-0c13-4845-afd0-ac94a05b7bcf - Origin: Unknown
[2026-08-24 11:30:32] INFO: GET /api/matches/25c14543-0c13-4845-afd0-ac94a05b7bcf - Origin: Unknown
[2026-08-24 11:30:32] INFO: GET /api/match-events/25c14543-0c13-4845-afd0-ac94a05b7bcf - Origin: Unknown
[2026-08-24 11:30:35] INFO: GET /api/matches/25c14543-0c13-4845-afd0-ac94a05b7bcf - Origin: Unknown
[2026-08-24 11:30:35] INFO: GET /api/match-events/25c14543-0c13-4845-afd0-ac94a05b7bcf - Origin: Unknown
[2026-08-24 11:30:38] INFO: GET /api/matches/25c14543-0c13-4845-afd0-ac94a05b7bcf - Origin: Unknown
[2026-08-24 11:30:38] INFO: GET /api/match-events/25c14543-0c13-4845-afd0-ac94a05b7bcf - Origin: Unknown
[2026-08-24 11:30:41] INFO: GET /api/matches/25c14543-0c13-4845-afd0-ac94a05b7bcf - Origin: Unknown
[2026-08-24 11:30:41] INFO: GET /api/match-events/25c14543-0c13-4845-afd0-ac94a05b7bcf - Origin: Unknown
[2026-08-24 11:30:44] INFO: GET /api/matches/25c14543-0c13-4845-afd0-ac94a05b7bcf - Origin: Unknown
[2026-08-24 11:30:44] INFO: GET /api/match-events/25c14543-0c13-4845-afd0-ac94a05b7bcf - Origin: Unknown
[2026-08-24 11:30:47] INFO: GET /api/matches/25c14543-0c13-4845-afd0-ac94a05b7bcf - Origin: Unknown
[2026-08-24 11:30:47] INFO: GET /api/match-events/25c14543-0c13-4845-afd0-ac94a05b7bcf - Origin: Unknown
[2026-08-24 11:30:50] INFO: GET /api/matches/25c14543-0c13-4845-afd0-ac94a05b7bcf - Origin: Unknown
[2026-08-24 11:30:50] INFO: GET /api/match-events/25c14543-0c13-4845-afd0-ac94a05b7bcf - Origin: Unknown
[2026-08-24 11:30:53] INFO: GET /api/matches/25c14543-0c13-4845-afd0-ac94a05b7bcf - Origin: Unknown
[2026-08-24 11:30:53] INFO: GET /api/match-events/25c14543-0c13-4845-afd0-ac94a05b7bcf - Origin: Unknown
[2026-08-24 11:30:56] INFO: GET /api/matches/25c14543-0c13-4845-afd0-ac94a05b7bcf - Origin: Unknown
[2026-08-24 11:30:56] INFO: GET /api/match-events/25c14543-0c13-4845-afd0-ac94a05b7bcf - Origin: Unknown
[2026-08-24 11:31:37] INFO: GET /api/matches/25c14543-0c13-4845-afd0-ac94a05b7bcf - Origin: Unknown
[2026-08-24 11:31:37] INFO: GET /api/match-events/25c14543-0c13-4845-afd0-ac94a05b7bcf - Origin: Unknown
[2026-08-24 11:32:37] INFO: GET /api/matches/25c14543-0c13-4845-afd0-ac94a05b7bcf - Origin: Unknown
[2026-08-24 11:32:37] INFO: GET /api/match-events/25c14543-0c13-4845-afd0-ac94a05b7bcf - Origin: Unknown
[2026-08-24 11:33:37] INFO: GET /api/matches/25c14543-0c13-4845-afd0-ac94a05b7bcf - Origin: Unknown
[2026-08-24 11:33:37] INFO: GET /api/match-events/25c14543-0c13-4845-afd0-ac94a05b7bcf - Origin: Unknown
[2026-08-24 11:34:37] INFO: GET /api/matches/25c14543-0c13-4845-afd0-ac94a05b7bcf - Origin: Unknown
[2026-08-24 11:34:37] INFO: GET /api/match-events/25c14543-0c13-4845-afd0-ac94a05b7bcf - Origin: Unknown
[2026-08-24 11:35:37] INFO: GET /api/matches/25c14543-0c13-4845-afd0-ac94a05b7bcf - Origin: Unknown
[2026-08-24 11:35:37] INFO: GET /api/match-events/25c14543-0c13-4845-afd0-ac94a05b7bcf - Origin: Unknown
[2026-08-24 11:36:37] INFO: GET /api/matches/25c14543-0c13-4845-afd0-ac94a05b7bcf - Origin: Unknown
[2026-08-24 11:36:37] INFO: GET /api/match-events/25c14543-0c13-4845-afd0-ac94a05b7bcf - Origin: Unknown
[2026-08-24 11:37:37] INFO: GET /api/matches/25c14543-0c13-4845-afd0-ac94a05b7bcf - Origin: Unknown
[2026-08-24 11:37:37] INFO: GET /api/match-events/25c14543-0c13-4845-afd0-ac94a05b7bcf - Origin: Unknown
[2026-08-24 11:37:47] INFO: GET /api/matches/25c14543-0c13-4845-afd0-ac94a05b7bcf - Origin: Unknown
[2026-08-24 11:37:47] INFO: GET /api/match-events/25c14543-0c13-4845-afd0-ac94a05b7bcf - Origin: Unknown
[2026-08-24 11:37:50] INFO: GET /api/matches/25c14543-0c13-4845-afd0-ac94a05b7bcf - Origin: Unknown
[2026-08-24 11:37:50] INFO: GET /api/match-events/25c14543-0c13-4845-afd0-ac94a05b7bcf - Origin: Unknown
[2026-08-24 11:37:53] INFO: GET /api/matches/25c14543-0c13-4845-afd0-ac94a05b7bcf - Origin: Unknown
[2026-08-24 11:37:53] INFO: GET /api/match-events/25c14543-0c13-4845-afd0-ac94a05b7bcf - Origin: Unknown
[2026-08-24 11:37:56] INFO: GET /api/matches/25c14543-0c13-4845-afd0-ac94a05b7bcf - Origin: Unknown
[2026-08-24 11:37:56] INFO: GET /api/match-events/25c14543-0c13-4845-afd0-ac94a05b7bcf - Origin: Unknown
[2026-08-24 11:37:59] INFO: GET /api/matches/25c14543-0c13-4845-afd0-ac94a05b7bcf - Origin: Unknown
[2026-08-24 11:37:59] INFO: GET /api/match-events/25c14543-0c13-4845-afd0-ac94a05b7bcf - Origin: Unknown
[2026-08-24 11:38:02] INFO: GET /api/matches/25c14543-0c13-4845-afd0-ac94a05b7bcf - Origin: Unknown
[2026-08-24 11:38:02] INFO: GET /api/match-events/25c14543-0c13-4845-afd0-ac94a05b7bcf - Origin: Unknown
[2026-08-24 11:38:05] INFO: GET /api/matches/25c14543-0c13-4845-afd0-ac94a05b7bcf - Origin: Unknown
[2026-08-24 11:38:05] INFO: GET /api/match-events/25c14543-0c13-4845-afd0-ac94a05b7bcf - Origin: Unknown
[2026-08-24 11:38:08] INFO: GET /api/matches/25c14543-0c13-4845-afd0-ac94a05b7bcf - Origin: Unknown
[2026-08-24 11:38:08] INFO: GET /api/match-events/25c14543-0c13-4845-afd0-ac94a05b7bcf - Origin: Unknown
[2026-08-24 11:38:11] INFO: GET /api/matches/25c14543-0c13-4845-afd0-ac94a05b7bcf - Origin: Unknown
[2026-08-24 11:38:11] INFO: GET /api/match-events/25c14543-0c13-4845-afd0-ac94a05b7bcf - Origin: Unknown
[2026-08-24 11:38:14] INFO: GET /api/matches/25c14543-0c13-4845-afd0-ac94a05b7bcf - Origin: Unknown
[2026-08-24 11:38:14] INFO: GET /api/match-events/25c14543-0c13-4845-afd0-ac94a05b7bcf - Origin: Unknown
[2026-08-24 11:38:17] INFO: GET /api/matches/25c14543-0c13-4845-afd0-ac94a05b7bcf - Origin: Unknown
[2026-08-24 11:38:17] INFO: GET /api/match-events/25c14543-0c13-4845-afd0-ac94a05b7bcf - Origin: Unknown
[2026-08-24 11:38:20] INFO: GET /api/matches/25c14543-0c13-4845-afd0-ac94a05b7bcf - Origin: Unknown
[2026-08-24 11:38:20] INFO: GET /api/match-events/25c14543-0c13-4845-afd0-ac94a05b7bcf - Origin: Unknown
[2026-08-24 11:38:23] INFO: GET /api/matches/25c14543-0c13-4845-afd0-ac94a05b7bcf - Origin: Unknown
[2026-08-24 11:38:23] INFO: GET /api/match-events/25c14543-0c13-4845-afd0-ac94a05b7bcf - Origin: Unknown
[2026-08-24 11:38:26] INFO: GET /api/matches/25c14543-0c13-4845-afd0-ac94a05b7bcf - Origin: Unknown
[2026-08-24 11:38:26] INFO: GET /api/match-events/25c14543-0c13-4845-afd0-ac94a05b7bcf - Origin: Unknown
[2026-08-24 11:38:29] INFO: GET /api/matches/25c14543-0c13-4845-afd0-ac94a05b7bcf - Origin: Unknown
[2026-08-24 11:38:29] INFO: GET /api/match-events/25c14543-0c13-4845-afd0-ac94a05b7bcf - Origin: Unknown
[2026-08-24 11:38:32] INFO: GET /api/matches/25c14543-0c13-4845-afd0-ac94a05b7bcf - Origin: Unknown
[2026-08-24 11:38:32] INFO: GET /api/match-events/25c14543-0c13-4845-afd0-ac94a05b7bcf - Origin: Unknown
[2026-08-24 11:38:35] INFO: GET /api/matches/25c14543-0c13-4845-afd0-ac94a05b7bcf - Origin: Unknown
[2026-08-24 11:38:35] INFO: GET /api/match-events/25c14543-0c13-4845-afd0-ac94a05b7bcf - Origin: Unknown
[2026-08-24 11:38:38] INFO: GET /api/matches/25c14543-0c13-4845-afd0-ac94a05b7bcf - Origin: Unknown
[2026-08-24 11:38:38] INFO: GET /api/match-events/25c14543-0c13-4845-afd0-ac94a05b7bcf - Origin: Unknown
[2026-08-24 11:38:41] INFO: GET /api/matches/25c14543-0c13-4845-afd0-ac94a05b7bcf - Origin: Unknown
[2026-08-24 11:38:41] INFO: GET /api/match-events/25c14543-0c13-4845-afd0-ac94a05b7bcf - Origin: Unknown
[2026-08-24 11:38:44] INFO: GET /api/matches/25c14543-0c13-4845-afd0-ac94a05b7bcf - Origin: Unknown
[2026-08-24 11:38:44] INFO: GET /api/match-events/25c14543-0c13-4845-afd0-ac94a05b7bcf - Origin: Unknown
[2026-08-24 11:38:47] INFO: GET /api/matches/25c14543-0c13-4845-afd0-ac94a05b7bcf - Origin: Unknown
[2026-08-24 11:38:47] INFO: GET /api/match-events/25c14543-0c13-4845-afd0-ac94a05b7bcf - Origin: Unknown
[2026-08-24 11:38:50] INFO: GET /api/matches/25c14543-0c13-4845-afd0-ac94a05b7bcf - Origin: Unknown
[2026-08-24 11:38:50] INFO: GET /api/match-events/25c14543-0c13-4845-afd0-ac94a05b7bcf - Origin: Unknown
[2026-08-24 11:38:53] INFO: GET /api/matches/25c14543-0c13-4845-afd0-ac94a05b7bcf - Origin: Unknown
[2026-08-24 11:38:53] INFO: GET /api/match-events/25c14543-0c13-4845-afd0-ac94a05b7bcf - Origin: Unknown
[2026-08-24 11:38:56] INFO: GET /api/matches/25c14543-0c13-4845-afd0-ac94a05b7bcf - Origin: Unknown
[2026-08-24 11:38:56] INFO: GET /api/match-events/25c14543-0c13-4845-afd0-ac94a05b7bcf - Origin: Unknown
[2026-08-24 11:38:59] INFO: GET /api/matches/25c14543-0c13-4845-afd0-ac94a05b7bcf - Origin: Unknown
[2026-08-24 11:38:59] INFO: GET /api/match-events/25c14543-0c13-4845-afd0-ac94a05b7bcf - Origin: Unknown
[2026-08-24 11:39:02] INFO: GET /api/matches/25c14543-0c13-4845-afd0-ac94a05b7bcf - Origin: Unknown
[2026-08-24 11:39:02] INFO: GET /api/match-events/25c14543-0c13-4845-afd0-ac94a05b7bcf - Origin: Unknown
[2026-08-24 11:39:05] INFO: GET /api/matches/25c14543-0c13-4845-afd0-ac94a05b7bcf - Origin: Unknown
[2026-08-24 11:39:05] INFO: GET /api/match-events/25c14543-0c13-4845-afd0-ac94a05b7bcf - Origin: Unknown
[2026-08-24 11:39:08] INFO: GET /api/matches/25c14543-0c13-4845-afd0-ac94a05b7bcf - Origin: Unknown
[2026-08-24 11:39:08] INFO: GET /api/match-events/25c14543-0c13-4845-afd0-ac94a05b7bcf - Origin: Unknown
[2026-08-24 11:39:11] INFO: GET /api/matches/25c14543-0c13-4845-afd0-ac94a05b7bcf - Origin: Unknown
[2026-08-24 11:39:11] INFO: GET /api/match-events/25c14543-0c13-4845-afd0-ac94a05b7bcf - Origin: Unknown
[2026-08-24 11:39:14] INFO: GET /api/matches/25c14543-0c13-4845-afd0-ac94a05b7bcf - Origin: Unknown
[2026-08-24 11:39:14] INFO: GET /api/match-events/25c14543-0c13-4845-afd0-ac94a05b7bcf - Origin: Unknown
[2026-08-24 11:39:17] INFO: GET /api/matches/25c14543-0c13-4845-afd0-ac94a05b7bcf - Origin: Unknown
[2026-08-24 11:39:17] INFO: GET /api/match-events/25c14543-0c13-4845-afd0-ac94a05b7bcf - Origin: Unknown
[2026-08-24 11:39:22] INFO: POST /api/auth/login - Origin: http://localhost:3000
[2026-08-24 11:39:23] INFO: GET /api/module-access/me - Origin: Unknown
[2026-08-24 11:39:23] INFO: GET /api/server-time - Origin: Unknown
[2026-08-24 11:39:23] INFO: GET /api/matches - Origin: Unknown
[2026-08-24 11:39:25] INFO: GET /api/suspensions - Origin: Unknown
[2026-08-24 11:39:25] INFO: GET /api/referees - Origin: Unknown
[2026-08-24 11:39:25] INFO: GET /api/match-lineups/25c14543-0c13-4845-afd0-ac94a05b7bcf - Origin: Unknown
[2026-08-24 11:39:26] INFO: GET /api/match-events/25c14543-0c13-4845-afd0-ac94a05b7bcf - Origin: Unknown
[2026-08-24 11:39:26] INFO: GET /api/matches/25c14543-0c13-4845-afd0-ac94a05b7bcf - Origin: Unknown
[2026-08-24 11:39:27] INFO: GET /api/match-events/25c14543-0c13-4845-afd0-ac94a05b7bcf - Origin: Unknown
[2026-08-24 11:39:29] INFO: GET /api/matches/25c14543-0c13-4845-afd0-ac94a05b7bcf - Origin: Unknown
[2026-08-24 11:39:29] INFO: GET /api/match-events/25c14543-0c13-4845-afd0-ac94a05b7bcf - Origin: Unknown
[2026-08-24 11:39:32] INFO: GET /api/matches/25c14543-0c13-4845-afd0-ac94a05b7bcf - Origin: Unknown
[2026-08-24 11:39:32] INFO: GET /api/match-events/25c14543-0c13-4845-afd0-ac94a05b7bcf - Origin: Unknown
[2026-08-24 11:39:35] INFO: GET /api/matches/25c14543-0c13-4845-afd0-ac94a05b7bcf - Origin: Unknown
[2026-08-24 11:39:35] INFO: GET /api/match-events/25c14543-0c13-4845-afd0-ac94a05b7bcf - Origin: Unknown
[2026-08-24 11:39:38] INFO: GET /api/matches/25c14543-0c13-4845-afd0-ac94a05b7bcf - Origin: Unknown
[2026-08-24 11:39:38] INFO: GET /api/match-events/25c14543-0c13-4845-afd0-ac94a05b7bcf - Origin: Unknown
[2026-08-24 11:39:41] INFO: GET /api/matches/25c14543-0c13-4845-afd0-ac94a05b7bcf - Origin: Unknown
[2026-08-24 11:39:41] INFO: GET /api/match-events/25c14543-0c13-4845-afd0-ac94a05b7bcf - Origin: Unknown
[2026-08-24 11:39:44] INFO: GET /api/matches/25c14543-0c13-4845-afd0-ac94a05b7bcf - Origin: Unknown
[2026-08-24 11:39:44] INFO: GET /api/match-events/25c14543-0c13-4845-afd0-ac94a05b7bcf - Origin: Unknown
[2026-08-24 11:39:47] INFO: GET /api/matches/25c14543-0c13-4845-afd0-ac94a05b7bcf - Origin: Unknown
[2026-08-24 11:39:47] INFO: GET /api/match-events/25c14543-0c13-4845-afd0-ac94a05b7bcf - Origin: Unknown
[2026-08-24 11:39:50] INFO: GET /api/matches/25c14543-0c13-4845-afd0-ac94a05b7bcf - Origin: Unknown
[2026-08-24 11:39:50] INFO: GET /api/match-events/25c14543-0c13-4845-afd0-ac94a05b7bcf - Origin: Unknown
[2026-08-24 11:39:53] INFO: GET /api/matches/25c14543-0c13-4845-afd0-ac94a05b7bcf - Origin: Unknown
[2026-08-24 11:39:53] INFO: GET /api/match-events/25c14543-0c13-4845-afd0-ac94a05b7bcf - Origin: Unknown
[2026-08-24 11:39:56] INFO: GET /api/matches/25c14543-0c13-4845-afd0-ac94a05b7bcf - Origin: Unknown
[2026-08-24 11:39:56] INFO: GET /api/match-events/25c14543-0c13-4845-afd0-ac94a05b7bcf - Origin: Unknown
[2026-08-24 11:39:59] INFO: GET /api/matches/25c14543-0c13-4845-afd0-ac94a05b7bcf - Origin: Unknown
[2026-08-24 11:39:59] INFO: GET /api/match-events/25c14543-0c13-4845-afd0-ac94a05b7bcf - Origin: Unknown
[2026-08-24 11:40:02] INFO: GET /api/matches/25c14543-0c13-4845-afd0-ac94a05b7bcf - Origin: Unknown
[2026-08-24 11:40:02] INFO: GET /api/match-events/25c14543-0c13-4845-afd0-ac94a05b7bcf - Origin: Unknown
[2026-08-24 11:40:05] INFO: GET /api/matches/25c14543-0c13-4845-afd0-ac94a05b7bcf - Origin: Unknown
[2026-08-24 11:40:05] INFO: GET /api/match-events/25c14543-0c13-4845-afd0-ac94a05b7bcf - Origin: Unknown
[2026-08-24 11:40:08] INFO: GET /api/matches/25c14543-0c13-4845-afd0-ac94a05b7bcf - Origin: Unknown
[2026-08-24 11:40:08] INFO: GET /api/match-events/25c14543-0c13-4845-afd0-ac94a05b7bcf - Origin: Unknown
[2026-08-24 11:40:11] INFO: GET /api/matches/25c14543-0c13-4845-afd0-ac94a05b7bcf - Origin: Unknown
[2026-08-24 11:40:11] INFO: GET /api/match-events/25c14543-0c13-4845-afd0-ac94a05b7bcf - Origin: Unknown
[2026-08-24 11:40:14] INFO: GET /api/matches/25c14543-0c13-4845-afd0-ac94a05b7bcf - Origin: Unknown
[2026-08-24 11:40:14] INFO: GET /api/match-events/25c14543-0c13-4845-afd0-ac94a05b7bcf - Origin: Unknown
[2026-08-24 11:40:17] INFO: GET /api/matches/25c14543-0c13-4845-afd0-ac94a05b7bcf - Origin: Unknown
[2026-08-24 11:40:17] INFO: GET /api/match-events/25c14543-0c13-4845-afd0-ac94a05b7bcf - Origin: Unknown
[2026-08-24 11:40:20] INFO: GET /api/matches/25c14543-0c13-4845-afd0-ac94a05b7bcf - Origin: Unknown
[2026-08-24 11:40:20] INFO: GET /api/match-events/25c14543-0c13-4845-afd0-ac94a05b7bcf - Origin: Unknown
[2026-08-24 11:40:23] INFO: GET /api/matches/25c14543-0c13-4845-afd0-ac94a05b7bcf - Origin: Unknown
[2026-08-24 11:40:23] INFO: GET /api/match-events/25c14543-0c13-4845-afd0-ac94a05b7bcf - Origin: Unknown
[2026-08-24 11:40:26] INFO: GET /api/matches/25c14543-0c13-4845-afd0-ac94a05b7bcf - Origin: Unknown
[2026-08-24 11:40:26] INFO: GET /api/match-events/25c14543-0c13-4845-afd0-ac94a05b7bcf - Origin: Unknown
[2026-08-24 11:40:29] INFO: GET /api/matches/25c14543-0c13-4845-afd0-ac94a05b7bcf - Origin: Unknown
[2026-08-24 11:40:29] INFO: GET /api/match-events/25c14543-0c13-4845-afd0-ac94a05b7bcf - Origin: Unknown
[2026-08-24 11:40:32] INFO: GET /api/matches/25c14543-0c13-4845-afd0-ac94a05b7bcf - Origin: Unknown
[2026-08-24 11:40:32] INFO: GET /api/match-events/25c14543-0c13-4845-afd0-ac94a05b7bcf - Origin: Unknown
[2026-08-24 11:40:35] INFO: GET /api/matches/25c14543-0c13-4845-afd0-ac94a05b7bcf - Origin: Unknown
[2026-08-24 11:40:35] INFO: GET /api/match-events/25c14543-0c13-4845-afd0-ac94a05b7bcf - Origin: Unknown
[2026-08-24 11:40:38] INFO: GET /api/matches/25c14543-0c13-4845-afd0-ac94a05b7bcf - Origin: Unknown
[2026-08-24 11:40:38] INFO: GET /api/match-events/25c14543-0c13-4845-afd0-ac94a05b7bcf - Origin: Unknown
[2026-08-24 11:40:41] INFO: GET /api/matches/25c14543-0c13-4845-afd0-ac94a05b7bcf - Origin: Unknown
[2026-08-24 11:40:41] INFO: GET /api/match-events/25c14543-0c13-4845-afd0-ac94a05b7bcf - Origin: Unknown
[2026-08-24 11:40:44] INFO: GET /api/matches/25c14543-0c13-4845-afd0-ac94a05b7bcf - Origin: Unknown
[2026-08-24 11:40:44] INFO: GET /api/match-events/25c14543-0c13-4845-afd0-ac94a05b7bcf - Origin: Unknown
[2026-08-24 11:40:47] INFO: GET /api/matches/25c14543-0c13-4845-afd0-ac94a05b7bcf - Origin: Unknown
[2026-08-24 11:40:47] INFO: GET /api/match-events/25c14543-0c13-4845-afd0-ac94a05b7bcf - Origin: Unknown
[2026-08-24 11:40:50] INFO: GET /api/matches/25c14543-0c13-4845-afd0-ac94a05b7bcf - Origin: Unknown
[2026-08-24 11:40:50] INFO: GET /api/match-events/25c14543-0c13-4845-afd0-ac94a05b7bcf - Origin: Unknown
[2026-08-24 11:40:53] INFO: GET /api/matches/25c14543-0c13-4845-afd0-ac94a05b7bcf - Origin: Unknown
[2026-08-24 11:40:53] INFO: GET /api/match-events/25c14543-0c13-4845-afd0-ac94a05b7bcf - Origin: Unknown
[2026-08-24 11:40:56] INFO: GET /api/matches/25c14543-0c13-4845-afd0-ac94a05b7bcf - Origin: Unknown
[2026-08-24 11:40:56] INFO: GET /api/match-events/25c14543-0c13-4845-afd0-ac94a05b7bcf - Origin: Unknown
[2026-08-24 11:40:59] INFO: GET /api/matches/25c14543-0c13-4845-afd0-ac94a05b7bcf - Origin: Unknown
[2026-08-24 11:40:59] INFO: GET /api/match-events/25c14543-0c13-4845-afd0-ac94a05b7bcf - Origin: Unknown
[2026-08-24 11:41:02] INFO: GET /api/matches/25c14543-0c13-4845-afd0-ac94a05b7bcf - Origin: Unknown
[2026-08-24 11:41:02] INFO: GET /api/match-events/25c14543-0c13-4845-afd0-ac94a05b7bcf - Origin: Unknown
[2026-08-24 11:41:05] INFO: GET /api/matches/25c14543-0c13-4845-afd0-ac94a05b7bcf - Origin: Unknown
[2026-08-24 11:41:05] INFO: GET /api/match-events/25c14543-0c13-4845-afd0-ac94a05b7bcf - Origin: Unknown
[2026-08-24 11:41:08] INFO: GET /api/matches/25c14543-0c13-4845-afd0-ac94a05b7bcf - Origin: Unknown
[2026-08-24 11:41:08] INFO: GET /api/match-events/25c14543-0c13-4845-afd0-ac94a05b7bcf - Origin: Unknown
[2026-08-24 11:41:11] INFO: GET /api/matches/25c14543-0c13-4845-afd0-ac94a05b7bcf - Origin: Unknown
[2026-08-24 11:41:11] INFO: GET /api/match-events/25c14543-0c13-4845-afd0-ac94a05b7bcf - Origin: Unknown
[2026-08-24 11:41:14] INFO: GET /api/matches/25c14543-0c13-4845-afd0-ac94a05b7bcf - Origin: Unknown
[2026-08-24 11:41:14] INFO: GET /api/match-events/25c14543-0c13-4845-afd0-ac94a05b7bcf - Origin: Unknown
[2026-08-24 11:41:17] INFO: GET /api/matches/25c14543-0c13-4845-afd0-ac94a05b7bcf - Origin: Unknown
[2026-08-24 11:41:17] INFO: GET /api/match-events/25c14543-0c13-4845-afd0-ac94a05b7bcf - Origin: Unknown
[2026-08-24 11:41:20] INFO: GET /api/matches/25c14543-0c13-4845-afd0-ac94a05b7bcf - Origin: Unknown
[2026-08-24 11:41:20] INFO: GET /api/match-events/25c14543-0c13-4845-afd0-ac94a05b7bcf - Origin: Unknown
[2026-08-24 11:41:23] INFO: GET /api/matches/25c14543-0c13-4845-afd0-ac94a05b7bcf - Origin: Unknown
[2026-08-24 11:41:23] INFO: GET /api/match-events/25c14543-0c13-4845-afd0-ac94a05b7bcf - Origin: Unknown
[2026-08-24 11:41:26] INFO: GET /api/matches/25c14543-0c13-4845-afd0-ac94a05b7bcf - Origin: Unknown
[2026-08-24 11:41:26] INFO: GET /api/match-events/25c14543-0c13-4845-afd0-ac94a05b7bcf - Origin: Unknown
[2026-08-24 11:41:29] INFO: GET /api/matches/25c14543-0c13-4845-afd0-ac94a05b7bcf - Origin: Unknown
[2026-08-24 11:41:29] INFO: GET /api/match-events/25c14543-0c13-4845-afd0-ac94a05b7bcf - Origin: Unknown
[2026-08-24 11:41:32] INFO: GET /api/matches/25c14543-0c13-4845-afd0-ac94a05b7bcf - Origin: Unknown
[2026-08-24 11:41:32] INFO: GET /api/match-events/25c14543-0c13-4845-afd0-ac94a05b7bcf - Origin: Unknown
[2026-08-24 11:41:35] INFO: GET /api/matches/25c14543-0c13-4845-afd0-ac94a05b7bcf - Origin: Unknown
[2026-08-24 11:41:35] INFO: GET /api/match-events/25c14543-0c13-4845-afd0-ac94a05b7bcf - Origin: Unknown
[2026-08-24 11:41:38] INFO: GET /api/matches/25c14543-0c13-4845-afd0-ac94a05b7bcf - Origin: Unknown
[2026-08-24 11:41:38] INFO: GET /api/match-events/25c14543-0c13-4845-afd0-ac94a05b7bcf - Origin: Unknown
[2026-08-24 11:41:41] INFO: GET /api/matches/25c14543-0c13-4845-afd0-ac94a05b7bcf - Origin: Unknown
[2026-08-24 11:41:41] INFO: GET /api/match-events/25c14543-0c13-4845-afd0-ac94a05b7bcf - Origin: Unknown
[2026-08-24 11:41:44] INFO: GET /api/matches/25c14543-0c13-4845-afd0-ac94a05b7bcf - Origin: Unknown
[2026-08-24 11:41:44] INFO: GET /api/match-events/25c14543-0c13-4845-afd0-ac94a05b7bcf - Origin: Unknown
[2026-08-24 11:41:47] INFO: GET /api/matches/25c14543-0c13-4845-afd0-ac94a05b7bcf - Origin: Unknown
[2026-08-24 11:41:47] INFO: GET /api/match-events/25c14543-0c13-4845-afd0-ac94a05b7bcf - Origin: Unknown
[2026-08-24 11:41:50] INFO: GET /api/matches/25c14543-0c13-4845-afd0-ac94a05b7bcf - Origin: Unknown
[2026-08-24 11:41:50] INFO: GET /api/match-events/25c14543-0c13-4845-afd0-ac94a05b7bcf - Origin: Unknown
